../Drivers/BSP/stm32h745i_discovery.c:106:9:BSP_GetVersion	4	static
../Drivers/BSP/stm32h745i_discovery.c:115:16:BSP_GetBoardName	4	static
../Drivers/BSP/stm32h745i_discovery.c:124:16:BSP_GetBoardID	4	static
../Drivers/BSP/stm32h745i_discovery.c:137:10:BSP_LED_Init	48	static
../Drivers/BSP/stm32h745i_discovery.c:178:9:BSP_LED_DeInit	40	static
../Drivers/BSP/stm32h745i_discovery.c:199:9:BSP_LED_On	24	static
../Drivers/BSP/stm32h745i_discovery.c:215:9:BSP_LED_Off	24	static
../Drivers/BSP/stm32h745i_discovery.c:230:9:BSP_LED_Toggle	24	static
../Drivers/BSP/stm32h745i_discovery.c:244:9:BSP_LED_GetState	24	static
../Drivers/BSP/stm32h745i_discovery.c:262:9:BSP_PB_Init	40	static
../Drivers/BSP/stm32h745i_discovery.c:305:9:BSP_PB_DeInit	40	static
../Drivers/BSP/stm32h745i_discovery.c:324:9:BSP_PB_GetState	16	static
../Drivers/BSP/stm32h745i_discovery.c:333:6:BSP_PB_IRQHandler	16	static
../Drivers/BSP/stm32h745i_discovery.c:341:13:BUTTON_USER_EXTI_Callback	8	static
../Drivers/BSP/stm32h745i_discovery.c:350:13:BSP_PB_Callback	16	static
