../Drivers/BSP/stm32h745i_discovery_lcd.c:180:9:BSP_LCD_Init	24	static
../Drivers/BSP/stm32h745i_discovery_lcd.c:194:9:BSP_LCD_InitEx	56	static
../Drivers/BSP/stm32h745i_discovery_lcd.c:295:9:BSP_LCD_DeInit	24	static
../Drivers/BSP/stm32h745i_discovery_lcd.c:337:26:MX_LTDC_Init	24	static
../Drivers/BSP/stm32h745i_discovery_lcd.c:368:26:MX_LTDC_ConfigLayer	80	static
../Drivers/BSP/stm32h745i_discovery_lcd.c:397:26:MX_LTDC_ClockConfig	208	static
../Drivers/BSP/stm32h745i_discovery_lcd.c:498:9:BSP_LCD_ConfigLayer	32	static
../Drivers/BSP/stm32h745i_discovery_lcd.c:521:9:BSP_LCD_GetPixelFormat	24	static
../Drivers/BSP/stm32h745i_discovery_lcd.c:544:9:BSP_LCD_SetActiveLayer	24	static
../Drivers/BSP/stm32h745i_discovery_lcd.c:569:9:BSP_LCD_Relaod	24	static
../Drivers/BSP/stm32h745i_discovery_lcd.c:603:9:BSP_LCD_SetLayerVisible	32	static
../Drivers/BSP/stm32h745i_discovery_lcd.c:639:9:BSP_LCD_SetTransparency	32	static
../Drivers/BSP/stm32h745i_discovery_lcd.c:669:9:BSP_LCD_SetLayerAddress	32	static
../Drivers/BSP/stm32h745i_discovery_lcd.c:702:9:BSP_LCD_SetLayerWindow	32	static
../Drivers/BSP/stm32h745i_discovery_lcd.c:740:9:BSP_LCD_SetColorKeying	32	static
../Drivers/BSP/stm32h745i_discovery_lcd.c:773:9:BSP_LCD_ResetColorKeying	24	static
../Drivers/BSP/stm32h745i_discovery_lcd.c:804:9:BSP_LCD_GetXSize	24	static
../Drivers/BSP/stm32h745i_discovery_lcd.c:826:9:BSP_LCD_GetYSize	24	static
../Drivers/BSP/stm32h745i_discovery_lcd.c:847:9:BSP_LCD_DisplayOn	40	static
../Drivers/BSP/stm32h745i_discovery_lcd.c:881:9:BSP_LCD_DisplayOff	40	static
../Drivers/BSP/stm32h745i_discovery_lcd.c:914:9:BSP_LCD_SetBrightness	48	static
../Drivers/BSP/stm32h745i_discovery_lcd.c:957:9:BSP_LCD_GetBrightness	24	static
../Drivers/BSP/stm32h745i_discovery_lcd.c:981:9:BSP_LCD_DrawBitmap	64	static
../Drivers/BSP/stm32h745i_discovery_lcd.c:1045:9:BSP_LCD_FillRGBRect	40	static
../Drivers/BSP/stm32h745i_discovery_lcd.c:1098:9:BSP_LCD_DrawHLine	40	static
../Drivers/BSP/stm32h745i_discovery_lcd.c:1124:9:BSP_LCD_DrawVLine	40	static
../Drivers/BSP/stm32h745i_discovery_lcd.c:1151:9:BSP_LCD_FillRect	40	static
../Drivers/BSP/stm32h745i_discovery_lcd.c:1173:9:BSP_LCD_ReadPixel	24	static
../Drivers/BSP/stm32h745i_discovery_lcd.c:1197:9:BSP_LCD_WritePixel	24	static
../Drivers/BSP/stm32h745i_discovery_lcd.c:1231:13:LL_FillBuffer	40	static
../Drivers/BSP/stm32h745i_discovery_lcd.c:1274:13:LL_ConvertLineToRGB	40	static
../Drivers/BSP/stm32h745i_discovery_lcd.c:1326:13:LTDC_MspInit	64	static
../Drivers/BSP/stm32h745i_discovery_lcd.c:1386:13:LTDC_MspDeInit	40	static
../Drivers/BSP/stm32h745i_discovery_lcd.c:1418:13:DMA2D_MspInit	24	static
../Drivers/BSP/stm32h745i_discovery_lcd.c:1436:13:DMA2D_MspDeInit	16	static
../Drivers/BSP/stm32h745i_discovery_lcd.c:1456:13:TIMx_PWM_MspInit	48	static
../Drivers/BSP/stm32h745i_discovery_lcd.c:1483:13:TIMx_PWM_MspDeInit	40	static
../Drivers/BSP/stm32h745i_discovery_lcd.c:1503:13:TIMx_PWM_Init	16	static
../Drivers/BSP/stm32h745i_discovery_lcd.c:1527:13:TIMx_PWM_DeInit	16	static
