../Drivers/BSP/stm32h745i_discovery_audio.c:213:9:BSP_AUDIO_OUT_Init	88	static
../Drivers/BSP/stm32h745i_discovery_audio.c:346:9:BSP_AUDIO_OUT_DeInit	24	static
../Drivers/BSP/stm32h745i_discovery_audio.c:387:26:MX_SAI2_Block_A_Init	24	static
../Drivers/BSP/stm32h745i_discovery_audio.c:448:26:MX_SAI2_ClockConfig	208	static
../Drivers/BSP/stm32h745i_discovery_audio.c:496:26:MX_SAI4_ClockConfig	216	static
../Drivers/BSP/stm32h745i_discovery_audio.c:614:9:BSP_AUDIO_OUT_Play	32	static
../Drivers/BSP/stm32h745i_discovery_audio.c:654:9:BSP_AUDIO_OUT_Pause	24	static
../Drivers/BSP/stm32h745i_discovery_audio.c:692:9:BSP_AUDIO_OUT_Resume	24	static
../Drivers/BSP/stm32h745i_discovery_audio.c:727:9:BSP_AUDIO_OUT_Stop	24	static
../Drivers/BSP/stm32h745i_discovery_audio.c:769:9:BSP_AUDIO_OUT_SetVolume	32	static
../Drivers/BSP/stm32h745i_discovery_audio.c:807:9:BSP_AUDIO_OUT_GetVolume	24	static
../Drivers/BSP/stm32h745i_discovery_audio.c:832:9:BSP_AUDIO_OUT_Mute	24	static
../Drivers/BSP/stm32h745i_discovery_audio.c:867:9:BSP_AUDIO_OUT_UnMute	24	static
../Drivers/BSP/stm32h745i_discovery_audio.c:903:9:BSP_AUDIO_OUT_IsMute	24	static
../Drivers/BSP/stm32h745i_discovery_audio.c:930:9:BSP_AUDIO_OUT_SetDevice	24	static
../Drivers/BSP/stm32h745i_discovery_audio.c:961:9:BSP_AUDIO_OUT_GetDevice	24	static
../Drivers/BSP/stm32h745i_discovery_audio.c:990:9:BSP_AUDIO_OUT_SetSampleRate	24	static
../Drivers/BSP/stm32h745i_discovery_audio.c:1067:9:BSP_AUDIO_OUT_GetSampleRate	24	static
../Drivers/BSP/stm32h745i_discovery_audio.c:1089:9:BSP_AUDIO_OUT_SetBitsPerSample	24	static
../Drivers/BSP/stm32h745i_discovery_audio.c:1167:9:BSP_AUDIO_OUT_GetBitsPerSample	24	static
../Drivers/BSP/stm32h745i_discovery_audio.c:1195:9:BSP_AUDIO_OUT_SetChannelsNbr	24	static
../Drivers/BSP/stm32h745i_discovery_audio.c:1246:9:BSP_AUDIO_OUT_GetChannelsNbr	24	static
../Drivers/BSP/stm32h745i_discovery_audio.c:1274:9:BSP_AUDIO_OUT_GetState	24	static
../Drivers/BSP/stm32h745i_discovery_audio.c:1297:6:BSP_AUDIO_OUT_IRQHandler	16	static
../Drivers/BSP/stm32h745i_discovery_audio.c:1311:6:HAL_SAI_TxCpltCallback	16	static
../Drivers/BSP/stm32h745i_discovery_audio.c:1326:6:HAL_SAI_TxHalfCpltCallback	16	static
../Drivers/BSP/stm32h745i_discovery_audio.c:1341:6:HAL_SAI_ErrorCallback	16	static
../Drivers/BSP/stm32h745i_discovery_audio.c:1359:13:BSP_AUDIO_OUT_TransferComplete_CallBack	16	static
../Drivers/BSP/stm32h745i_discovery_audio.c:1370:13:BSP_AUDIO_OUT_HalfTransfer_CallBack	16	static
../Drivers/BSP/stm32h745i_discovery_audio.c:1381:13:BSP_AUDIO_OUT_Error_CallBack	16	static
../Drivers/BSP/stm32h745i_discovery_audio.c:1402:9:BSP_AUDIO_IN_Init	96	static
../Drivers/BSP/stm32h745i_discovery_audio.c:1650:9:BSP_AUDIO_IN_DeInit	24	static
../Drivers/BSP/stm32h745i_discovery_audio.c:1726:26:MX_SAI2_Block_B_Init	24	static
../Drivers/BSP/stm32h745i_discovery_audio.c:1779:26:MX_SAI4_Block_A_Init	24	static
../Drivers/BSP/stm32h745i_discovery_audio.c:1923:9:BSP_AUDIO_IN_PDMToPCM_Init	32	static
../Drivers/BSP/stm32h745i_discovery_audio.c:1965:9:BSP_AUDIO_IN_PDMToPCM	32	static
../Drivers/BSP/stm32h745i_discovery_audio.c:1991:9:BSP_AUDIO_IN_Record	32	static
../Drivers/BSP/stm32h745i_discovery_audio.c:2032:9:BSP_AUDIO_IN_Stop	24	static
../Drivers/BSP/stm32h745i_discovery_audio.c:2073:9:BSP_AUDIO_IN_Pause	24	static
../Drivers/BSP/stm32h745i_discovery_audio.c:2113:9:BSP_AUDIO_IN_Resume	24	static
../Drivers/BSP/stm32h745i_discovery_audio.c:2155:9:BSP_AUDIO_IN_RecordPDM	32	static
../Drivers/BSP/stm32h745i_discovery_audio.c:2183:9:BSP_AUDIO_IN_SetDevice	40	static
../Drivers/BSP/stm32h745i_discovery_audio.c:2222:9:BSP_AUDIO_IN_GetDevice	24	static
../Drivers/BSP/stm32h745i_discovery_audio.c:2244:9:BSP_AUDIO_IN_SetSampleRate	40	static
../Drivers/BSP/stm32h745i_discovery_audio.c:2280:9:BSP_AUDIO_IN_GetSampleRate	24	static
../Drivers/BSP/stm32h745i_discovery_audio.c:2304:9:BSP_AUDIO_IN_SetBitsPerSample	40	static
../Drivers/BSP/stm32h745i_discovery_audio.c:2341:9:BSP_AUDIO_IN_GetBitsPerSample	24	static
../Drivers/BSP/stm32h745i_discovery_audio.c:2363:9:BSP_AUDIO_IN_SetChannelsNbr	24	static
../Drivers/BSP/stm32h745i_discovery_audio.c:2386:9:BSP_AUDIO_IN_GetChannelsNbr	24	static
../Drivers/BSP/stm32h745i_discovery_audio.c:2408:9:BSP_AUDIO_IN_SetVolume	32	static
../Drivers/BSP/stm32h745i_discovery_audio.c:2435:9:BSP_AUDIO_IN_GetVolume	24	static
../Drivers/BSP/stm32h745i_discovery_audio.c:2458:9:BSP_AUDIO_IN_GetState	24	static
../Drivers/BSP/stm32h745i_discovery_audio.c:2484:6:BSP_AUDIO_IN_IRQHandler	16	static
../Drivers/BSP/stm32h745i_discovery_audio.c:2500:6:HAL_SAI_RxHalfCpltCallback	16	static
../Drivers/BSP/stm32h745i_discovery_audio.c:2518:6:HAL_SAI_RxCpltCallback	16	static
../Drivers/BSP/stm32h745i_discovery_audio.c:2536:13:BSP_AUDIO_IN_TransferComplete_CallBack	16	static
../Drivers/BSP/stm32h745i_discovery_audio.c:2550:13:BSP_AUDIO_IN_HalfTransfer_CallBack	16	static
../Drivers/BSP/stm32h745i_discovery_audio.c:2564:13:BSP_AUDIO_IN_Error_CallBack	16	static
../Drivers/BSP/stm32h745i_discovery_audio.c:2626:16:WM8994_Probe	40	static
../Drivers/BSP/stm32h745i_discovery_audio.c:2675:13:SAI_MspInit	88	static
../Drivers/BSP/stm32h745i_discovery_audio.c:2868:13:SAI_MspDeInit	40	static
