../Drivers/Components/exc7200/exc7200.c:82:9:EXC7200_RegisterBusIO	24	static
../Drivers/Components/exc7200/exc7200.c:122:9:EXC7200_GetCapabilities	16	static
../Drivers/Components/exc7200/exc7200.c:143:9:EXC7200_Init	24	static
../Drivers/Components/exc7200/exc7200.c:169:9:EXC7200_DeInit	24	static
../Drivers/Components/exc7200/exc7200.c:195:9:EXC7200_GestureConfig	16	static
../Drivers/Components/exc7200/exc7200.c:208:9:EXC7200_ReadID	24	static
../Drivers/Components/exc7200/exc7200.c:228:9:EXC7200_GetState	32	static
../Drivers/Components/exc7200/exc7200.c:251:9:EXC7200_GetMultiTouchState	16	static
../Drivers/Components/exc7200/exc7200.c:263:9:EXC7200_GetGesture	16	static
../Drivers/Components/exc7200/exc7200.c:275:9:EXC7200_EnableIT	16	static
../Drivers/Components/exc7200/exc7200.c:287:9:EXC7200_DisableIT	16	static
../Drivers/Components/exc7200/exc7200.c:301:9:EXC7200_ITStatus	16	static
../Drivers/Components/exc7200/exc7200.c:314:9:EXC7200_ClearIT	16	static
../Drivers/Components/exc7200/exc7200.c:336:16:EXC7200_DetectTouch	32	static
../Drivers/Components/exc7200/exc7200.c:370:16:ReadRegWrap	40	static
../Drivers/Components/exc7200/exc7200.c:385:16:WriteRegWrap	40	static
