../Drivers/Components/ts3510/ts3510.c:82:9:TS3510_RegisterBusIO	24	static
../Drivers/Components/ts3510/ts3510.c:122:9:TS3510_GetCapabilities	16	static
../Drivers/Components/ts3510/ts3510.c:143:9:TS3510_Init	24	static
../Drivers/Components/ts3510/ts3510.c:169:9:TS3510_DeInit	24	static
../Drivers/Components/ts3510/ts3510.c:195:9:TS3510_GestureConfig	16	static
../Drivers/Components/ts3510/ts3510.c:208:9:TS3510_ReadID	32	static
../Drivers/Components/ts3510/ts3510.c:237:9:TS3510_GetState	40	static
../Drivers/Components/ts3510/ts3510.c:275:9:TS3510_GetMultiTouchState	16	static
../Drivers/Components/ts3510/ts3510.c:287:9:TS3510_GetGesture	16	static
../Drivers/Components/ts3510/ts3510.c:299:9:TS3510_EnableIT	16	static
../Drivers/Components/ts3510/ts3510.c:311:9:TS3510_DisableIT	16	static
../Drivers/Components/ts3510/ts3510.c:325:9:TS3510_ITStatus	16	static
../Drivers/Components/ts3510/ts3510.c:338:9:TS3510_ClearIT	16	static
../Drivers/Components/ts3510/ts3510.c:358:16:TS3510_DetectTouch	40	static
../Drivers/Components/ts3510/ts3510.c:398:16:ReadRegWrap	40	static
../Drivers/Components/ts3510/ts3510.c:413:16:WriteRegWrap	40	static
