../Core/Src/stm32h7xx_hal_msp.c:63:6:HAL_MspInit	16	static
../Core/Src/stm32h7xx_hal_msp.c:85:6:HAL_ETH_MspInit	80	static
../Core/Src/stm32h7xx_hal_msp.c:188:6:HAL_ETH_MspDeInit	16	static
../Core/Src/stm32h7xx_hal_msp.c:249:6:HAL_FDCAN_MspInit	248	static
../Core/Src/stm32h7xx_hal_msp.c:336:6:HAL_FDCAN_MspDeInit	16	static
../Core/Src/stm32h7xx_hal_msp.c:389:6:HAL_QSPI_MspInit	248	static
../Core/Src/stm32h7xx_hal_msp.c:464:6:HAL_QSPI_MspDeInit	16	static
../Core/Src/stm32h7xx_hal_msp.c:501:6:HAL_MMC_MspInit	248	static
../Core/Src/stm32h7xx_hal_msp.c:574:6:HAL_MMC_MspDeInit	16	static
../Core/Src/stm32h7xx_hal_msp.c:616:6:HAL_UART_MspInit	240	static
../Core/Src/stm32h7xx_hal_msp.c:664:6:HAL_UART_MspDeInit	16	static
../Core/Src/stm32h7xx_hal_msp.c:693:6:HAL_PCD_MspInit	240	static
../Core/Src/stm32h7xx_hal_msp.c:750:6:HAL_PCD_MspDeInit	16	static
../Core/Src/stm32h7xx_hal_msp.c:776:13:HAL_FMC_MspInit	232	static
../Core/Src/stm32h7xx_hal_msp.c:885:6:HAL_SDRAM_MspInit	16	static
../Core/Src/stm32h7xx_hal_msp.c:897:13:HAL_FMC_MspDeInit	8	static
../Core/Src/stm32h7xx_hal_msp.c:969:6:HAL_SDRAM_MspDeInit	16	static
../Core/Src/stm32h7xx_hal_msp.c:981:6:HAL_SAI_MspInit	240	static
../Core/Src/stm32h7xx_hal_msp.c:1052:6:HAL_SAI_MspDeInit	16	static
