../Drivers/Components/cs42l51/cs42l51.c:96:9:CS42L51_Init	24	static
../Drivers/Components/cs42l51/cs42l51.c:223:9:CS42L51_DeInit	16	static
../Drivers/Components/cs42l51/cs42l51.c:239:9:CS42L51_ReadID	24	static
../Drivers/Components/cs42l51/cs42l51.c:261:9:CS42L51_Play	24	static
../Drivers/Components/cs42l51/cs42l51.c:341:9:CS42L51_Pause	16	static
../Drivers/Components/cs42l51/cs42l51.c:357:9:CS42L51_Resume	16	static
../Drivers/Components/cs42l51/cs42l51.c:376:9:CS42L51_Stop	24	static
../Drivers/Components/cs42l51/cs42l51.c:424:9:CS42L51_SetVolume	32	static
../Drivers/Components/cs42l51/cs42l51.c:458:9:CS42L51_GetVolume	32	static
../Drivers/Components/cs42l51/cs42l51.c:483:9:CS42L51_SetMute	24	static
../Drivers/Components/cs42l51/cs42l51.c:517:9:CS42L51_SetOutputMode	16	static
../Drivers/Components/cs42l51/cs42l51.c:535:9:CS42L51_SetResolution	16	static
../Drivers/Components/cs42l51/cs42l51.c:549:9:CS42L51_GetResolution	16	static
../Drivers/Components/cs42l51/cs42l51.c:566:9:CS42L51_SetProtocol	16	static
../Drivers/Components/cs42l51/cs42l51.c:581:9:CS42L51_GetProtocol	16	static
../Drivers/Components/cs42l51/cs42l51.c:596:9:CS42L51_SetFrequency	16	static
../Drivers/Components/cs42l51/cs42l51.c:611:9:CS42L51_GetFrequency	16	static
../Drivers/Components/cs42l51/cs42l51.c:625:9:CS42L51_Reset	16	static
../Drivers/Components/cs42l51/cs42l51.c:642:9:CS42L51_RegisterBusIO	24	static
../Drivers/Components/cs42l51/cs42l51.c:684:16:CS42L51_ReadRegWrap	40	static
../Drivers/Components/cs42l51/cs42l51.c:699:16:CS42L51_WriteRegWrap	40	static
